// Jest Snapshot v1, https://goo.gl/fbAQLP

exports[`Exchange transactions should return  Maybe(data)[] for \`many\` txs request 1`] = `
Object {
  "@@tag": "Just",
  "@@type": "folktale:Maybe",
  "@@value": Object {
    "value": anonymous {
      "o1_amount": "1",
      "o1_expiration": 2017-04-16T15:52:56.065Z,
      "o1_id": "6q89HCR4Gq5ggpwGxRV7rjS3s2gJeWWFepPGPjLACWCN",
      "o1_matcher_fee": "0.01",
      "o1_price": "0.03745002",
      "o1_sender": "3N3Bm8nCoyx1T3HttHz4Z1YXc9Cagwjeexp",
      "o1_sender_public_key": "AXVWxQfUWSSxBkJytfcNMZ3w4txJwWcNC7XqLiqE57mx",
      "o1_signature": "5B64573MqpLLB9jrGL7fjQWVmPuK5pU4h52WZCSAxGFhRRARHX2PjUAJGmXg7VXCyrNch8gxe23j5185GvSVj56d",
      "o1_time_stamp": 2017-03-17T15:52:56.065Z,
      "o1_type": "buy",
      "o2_amount": "1",
      "o2_expiration": 2017-04-16T15:52:56.045Z,
      "o2_id": "CCXXGRXsmDxQiREdkKNaUQvNHyK3rkpMG2h2uzNvQNFc",
      "o2_matcher_fee": "0.01",
      "o2_price": "0.03745002",
      "o2_sender": "3NAWSkZikEVEGAt69F9t48zjNzrP9q2QZC5",
      "o2_sender_public_key": "pMZusmxrxbfqhpywaByEo9JU3fYZVU6BuWjAFD9XM4E",
      "o2_signature": "37ZboRvZLUxPmzfLrk7jPSkKctzZgonKLP9BcEAnZ48TGkd3ZxCGipeHDMudu3QjEnWTLR6TxFBXHeDFgX1Hny3t",
      "o2_time_stamp": 2017-03-17T15:52:56.045Z,
      "o2_type": "sell",
      "tx_amount": "1",
      "tx_amount_asset": "A12MyqxrCkJLWeKTF7Z8DDNyucp39YNBr1oT7v7tt6eq",
      "tx_buy_matcher_fee": "0.01",
      "tx_fee": "0.001",
      "tx_height": 3578,
      "tx_id": "HEUzCw8JuzWNxxYHjw7i7cTKkJbw6hGAY5vKdHWecSJA",
      "tx_price": "0.03745002",
      "tx_price_asset": "5LbJW8UDVusy6kaPAkcmL2pDhpnv66KUhVrRhp6cRTvE",
      "tx_sell_matcher_fee": "0.01",
      "tx_sender": "3MxziMb8Lu9pwktuev9HiRoueDs7zJ6Dge8",
      "tx_sender_public_key": "EhU7fcqsxYut5AM9SMEwb2hrvrj94wJMCSdZ2uAcRNvc",
      "tx_signature": "4aqiQxrakBCZLs86WjMEf1Jnofth5nvgTT88chcXp5RFwCisgLbe6VdmtqwFosbjbsQnQn9QeyBS16gAv4tC125m",
      "tx_time_stamp": 2017-03-17T15:52:57.100Z,
    },
  },
}
`;
