// Jest Snapshot v1, https://goo.gl/fbAQLP

exports[`All transactions resolver for many fetches real tx 1`] = `
Object {
  "__type": "list",
  "data": Array [
    Object {
      "__type": "transaction",
      "data": Object {
        "amount": "1",
        "fee": "0",
        "height": 1,
        "id": "29gnRjk8urzqc9kvqaxAfr6niQTuTZnq7LXDAbd77nydHkvrTA4oepoMLsiPkJ8wj2SeFB5KXASSPmbScvBbfLiV",
        "recipient": "3PBWXDFUc86N2EQxKJmW8eFco65xTyMZx6J",
        "signature": "29gnRjk8urzqc9kvqaxAfr6niQTuTZnq7LXDAbd77nydHkvrTA4oepoMLsiPkJ8wj2SeFB5KXASSPmbScvBbfLiV",
        "timestamp": 2016-06-12T11:42:57.614Z,
        "type": 1,
      },
    },
    Object {
      "__type": "transaction",
      "data": Object {
        "amount": "99999995",
        "fee": "0",
        "height": 1,
        "id": "2DVtfgXjpMeFf2PQCqvwxAiaGbiDsxDjSdNQkc5JQ74eWxjWFYgwvqzC4dn7iB1AhuM32WxEiVi1SGijsBtYQwn8",
        "recipient": "3PAWwWa6GbwcJaFzwqXQN5KQm7H96Y7SHTQ",
        "signature": "2DVtfgXjpMeFf2PQCqvwxAiaGbiDsxDjSdNQkc5JQ74eWxjWFYgwvqzC4dn7iB1AhuM32WxEiVi1SGijsBtYQwn8",
        "timestamp": 2016-06-12T11:42:57.614Z,
        "type": 1,
      },
    },
    Object {
      "__type": "transaction",
      "data": Object {
        "amount": "1",
        "fee": "0",
        "height": 1,
        "id": "2TsxPS216SsZJAiep7HrjZ3stHERVkeZWjMPFcvMotrdGpFa6UCCmoFiBGNizx83Ks8DnP3qdwtJ8WFcN9J4exa3",
        "recipient": "3P8JdJGYc7vaLu4UXUZc1iRLdzrkGtdCyJM",
        "signature": "2TsxPS216SsZJAiep7HrjZ3stHERVkeZWjMPFcvMotrdGpFa6UCCmoFiBGNizx83Ks8DnP3qdwtJ8WFcN9J4exa3",
        "timestamp": 2016-06-12T11:42:57.614Z,
        "type": 1,
      },
    },
    Object {
      "__type": "transaction",
      "data": Object {
        "amount": "1",
        "fee": "0",
        "height": 1,
        "id": "3gF8LFjhnZdgEVjP7P6o1rvwapqdgxn7GCykCo8boEQRwxCufhrgqXwdYKEg29jyPWthLF5cFyYcKbAeFvhtRNTc",
        "recipient": "3PAGPDPqnGkyhcihyjMHe9v36Y4hkAh9yDy",
        "signature": "3gF8LFjhnZdgEVjP7P6o1rvwapqdgxn7GCykCo8boEQRwxCufhrgqXwdYKEg29jyPWthLF5cFyYcKbAeFvhtRNTc",
        "timestamp": 2016-06-12T11:42:57.614Z,
        "type": 1,
      },
    },
    Object {
      "__type": "transaction",
      "data": Object {
        "amount": "1",
        "fee": "0",
        "height": 1,
        "id": "5hjSPLDyqic7otvtTJgVv73H3o6GxgTBqFMTY2PqAFzw2GHAnoQddC4EgWWFrAiYrtPadMBUkoepnwFHV1yR6u6g",
        "recipient": "3P9o3ZYwtHkaU1KxsKkFjJqJKS3dLHLC9oF",
        "signature": "5hjSPLDyqic7otvtTJgVv73H3o6GxgTBqFMTY2PqAFzw2GHAnoQddC4EgWWFrAiYrtPadMBUkoepnwFHV1yR6u6g",
        "timestamp": 2016-06-12T11:42:57.614Z,
        "type": 1,
      },
    },
    Object {
      "__type": "transaction",
      "data": Object {
        "amount": "1",
        "fee": "0",
        "height": 1,
        "id": "ivP1MzTd28yuhJPkJsiurn2rH2hovXqxr7ybHZWoRGUYKazkfaL9MYoTUym4sFgwW7WB5V252QfeFTsM6Uiz3DM",
        "recipient": "3PJaDyprvekvPXPuAtxrapacuDJopgJRaU3",
        "signature": "ivP1MzTd28yuhJPkJsiurn2rH2hovXqxr7ybHZWoRGUYKazkfaL9MYoTUym4sFgwW7WB5V252QfeFTsM6Uiz3DM",
        "timestamp": 2016-06-12T11:42:57.614Z,
        "type": 1,
      },
    },
    Object {
      "__type": "transaction",
      "data": Object {
        "amount": "1147.03336106",
        "fee": "1e-8",
        "height": 28,
        "id": "Yoxujmdq22KaXqopLCYZfvjqf14HRKD1c9DhsqWR9CrpFE1vfoYcpaPeLwNDtUAWpGccf6Sw8otUmhptP2rEJgP",
        "recipient": "3PGU9uKFb8KKHczVBUNdVdDmjEbN4XuVuCL",
        "sender": "3PAWwWa6GbwcJaFzwqXQN5KQm7H96Y7SHTQ",
        "senderPublicKey": "7LBopaBdBzQbgqrnwgmgCDhcSTb32MYhE96SnSHcqZC2",
        "signature": "Yoxujmdq22KaXqopLCYZfvjqf14HRKD1c9DhsqWR9CrpFE1vfoYcpaPeLwNDtUAWpGccf6Sw8otUmhptP2rEJgP",
        "timestamp": 2016-06-12T13:09:38.142Z,
        "type": 2,
      },
    },
    Object {
      "__type": "transaction",
      "data": Object {
        "amount": "7885.22932227",
        "fee": "1e-8",
        "height": 28,
        "id": "5a4pn3LxYrck7wb2WEH4d1crz8nshKokrfpTHo3oAw3Ynf74sTHZQmfvVg38HDBwmgXdiU6R4v6iXWD1fmGktpLP",
        "recipient": "3PB9ysxSdYgr1pV16gTKidxB3w7oG75WS2Q",
        "sender": "3PAWwWa6GbwcJaFzwqXQN5KQm7H96Y7SHTQ",
        "senderPublicKey": "7LBopaBdBzQbgqrnwgmgCDhcSTb32MYhE96SnSHcqZC2",
        "signature": "5a4pn3LxYrck7wb2WEH4d1crz8nshKokrfpTHo3oAw3Ynf74sTHZQmfvVg38HDBwmgXdiU6R4v6iXWD1fmGktpLP",
        "timestamp": 2016-06-12T13:09:38.283Z,
        "type": 2,
      },
    },
    Object {
      "__type": "transaction",
      "data": Object {
        "amount": "19634.61907827",
        "fee": "1e-8",
        "height": 28,
        "id": "3fWAHewKbFhNb6SCvKJe4QxgnuFQ98VqWijT3kRgiB2UM3Ty1Jqoc1nqQhf8VqQ9nPbQY8Q81rWrWp8Y2owjQp2u",
        "recipient": "3P8MnXHoc3age6CN4N4eF7S7og6pqdPKhSv",
        "sender": "3PAWwWa6GbwcJaFzwqXQN5KQm7H96Y7SHTQ",
        "senderPublicKey": "7LBopaBdBzQbgqrnwgmgCDhcSTb32MYhE96SnSHcqZC2",
        "signature": "3fWAHewKbFhNb6SCvKJe4QxgnuFQ98VqWijT3kRgiB2UM3Ty1Jqoc1nqQhf8VqQ9nPbQY8Q81rWrWp8Y2owjQp2u",
        "timestamp": 2016-06-12T13:09:38.290Z,
        "type": 2,
      },
    },
    Object {
      "__type": "transaction",
      "data": Object {
        "amount": "2983.99735918",
        "fee": "1e-8",
        "height": 28,
        "id": "57nbf3xpsyqEnvtnJjekGoX8TKvpZERLfQUWKwiLKF3XPw7rzhYNKxk3UAatzj6pAfWN3jJVPnJXvuiJPTQmpfCz",
        "recipient": "3PDK6hPkVV3NCDp7zQZGMUeDg8qV31wPiXD",
        "sender": "3PAWwWa6GbwcJaFzwqXQN5KQm7H96Y7SHTQ",
        "senderPublicKey": "7LBopaBdBzQbgqrnwgmgCDhcSTb32MYhE96SnSHcqZC2",
        "signature": "57nbf3xpsyqEnvtnJjekGoX8TKvpZERLfQUWKwiLKF3XPw7rzhYNKxk3UAatzj6pAfWN3jJVPnJXvuiJPTQmpfCz",
        "timestamp": 2016-06-12T13:09:38.296Z,
        "type": 2,
      },
    },
    Object {
      "__type": "transaction",
      "data": Object {
        "amount": "3528.70920653",
        "fee": "1e-8",
        "height": 28,
        "id": "VkcBj9ki8defad4g2pJRWs8pQjPuPVBAT9CWmhZuVBFcogm8WuU1spXAYExnJAiBGRMbiGpgT1cCQ3UjqPyhTuP",
        "recipient": "3PE4TaXL7sv6MKtDXUhEDFXAse2CcXvdc7W",
        "sender": "3PAWwWa6GbwcJaFzwqXQN5KQm7H96Y7SHTQ",
        "senderPublicKey": "7LBopaBdBzQbgqrnwgmgCDhcSTb32MYhE96SnSHcqZC2",
        "signature": "VkcBj9ki8defad4g2pJRWs8pQjPuPVBAT9CWmhZuVBFcogm8WuU1spXAYExnJAiBGRMbiGpgT1cCQ3UjqPyhTuP",
        "timestamp": 2016-06-12T13:09:38.303Z,
        "type": 2,
      },
    },
    Object {
      "__type": "transaction",
      "data": Object {
        "amount": "754.05396928",
        "fee": "1e-8",
        "height": 28,
        "id": "1Ya2jz4LF3f8EsG1UJ2Hm2oP4trgkuihcXpk24HRsj4fW9KWoncoqGEMJNksErjAHkpozWUBzAvUffwTLzeAejw",
        "recipient": "3P5Q1B4qtBBynGg7dQextkwzEVLGQLJ7v9M",
        "sender": "3PAWwWa6GbwcJaFzwqXQN5KQm7H96Y7SHTQ",
        "senderPublicKey": "7LBopaBdBzQbgqrnwgmgCDhcSTb32MYhE96SnSHcqZC2",
        "signature": "1Ya2jz4LF3f8EsG1UJ2Hm2oP4trgkuihcXpk24HRsj4fW9KWoncoqGEMJNksErjAHkpozWUBzAvUffwTLzeAejw",
        "timestamp": 2016-06-12T13:09:38.309Z,
        "type": 2,
      },
    },
    Object {
      "__type": "transaction",
      "data": Object {
        "amount": "1809.26167792",
        "fee": "1e-8",
        "height": 28,
        "id": "5n8Q8xfWjAfXamyNXhao7tqrxtxXotMK4Ls8rUbZ59YxgXvtRyJaTB3TfLrCsnJJzg2pBEqceNirkTdWSL32ykCi",
        "recipient": "3P4TBwaAR4qDDBzRhNYLm49mZgdy81Cm4ea",
        "sender": "3PAWwWa6GbwcJaFzwqXQN5KQm7H96Y7SHTQ",
        "senderPublicKey": "7LBopaBdBzQbgqrnwgmgCDhcSTb32MYhE96SnSHcqZC2",
        "signature": "5n8Q8xfWjAfXamyNXhao7tqrxtxXotMK4Ls8rUbZ59YxgXvtRyJaTB3TfLrCsnJJzg2pBEqceNirkTdWSL32ykCi",
        "timestamp": 2016-06-12T13:09:38.315Z,
        "type": 2,
      },
    },
    Object {
      "__type": "transaction",
      "data": Object {
        "amount": "6152.46000966",
        "fee": "1e-8",
        "height": 28,
        "id": "3K2JsQgfwtrn3KZVHHc7f63oEUz6v7Df3rbn3JgK61SThdNd25jhjmzb9ne4ckxfff3dxZk84aPQEstGyz6131iK",
        "recipient": "3PLbSLVxcbA9Dna4QqyUdzaruPMYwWWSdnZ",
        "sender": "3PAWwWa6GbwcJaFzwqXQN5KQm7H96Y7SHTQ",
        "senderPublicKey": "7LBopaBdBzQbgqrnwgmgCDhcSTb32MYhE96SnSHcqZC2",
        "signature": "3K2JsQgfwtrn3KZVHHc7f63oEUz6v7Df3rbn3JgK61SThdNd25jhjmzb9ne4ckxfff3dxZk84aPQEstGyz6131iK",
        "timestamp": 2016-06-12T13:09:38.320Z,
        "type": 2,
      },
    },
    Object {
      "__type": "transaction",
      "data": Object {
        "amount": "2480.81614118",
        "fee": "1e-8",
        "height": 28,
        "id": "cTTV6KsQsYQ2trhbpGkCTCeB6XQjqp2oRXCxCTFruvEzdoqmui32ruR4KuwwUwGETWRTBKCD7BkKUHqTFgvD7Tz",
        "recipient": "3PBcD4jUp1eCCq6W4h9FQvJsvYkATDDmNFW",
        "sender": "3PAWwWa6GbwcJaFzwqXQN5KQm7H96Y7SHTQ",
        "senderPublicKey": "7LBopaBdBzQbgqrnwgmgCDhcSTb32MYhE96SnSHcqZC2",
        "signature": "cTTV6KsQsYQ2trhbpGkCTCeB6XQjqp2oRXCxCTFruvEzdoqmui32ruR4KuwwUwGETWRTBKCD7BkKUHqTFgvD7Tz",
        "timestamp": 2016-06-12T13:09:38.326Z,
        "type": 2,
      },
    },
    Object {
      "__type": "transaction",
      "data": Object {
        "amount": "18658.97216443",
        "fee": "1e-8",
        "height": 28,
        "id": "2DTosJbEGQVwCi9CWC83LcUfbeJ9BP23BT9VrCqPgTczLtTUdwYqaLhkvR28VbGYA7bbfMHJ9HRP4MktjphqFHkZ",
        "recipient": "3PPtZqyW5Cqq1RCJ3z3xKN1oYXHuonorSig",
        "sender": "3PAWwWa6GbwcJaFzwqXQN5KQm7H96Y7SHTQ",
        "senderPublicKey": "7LBopaBdBzQbgqrnwgmgCDhcSTb32MYhE96SnSHcqZC2",
        "signature": "2DTosJbEGQVwCi9CWC83LcUfbeJ9BP23BT9VrCqPgTczLtTUdwYqaLhkvR28VbGYA7bbfMHJ9HRP4MktjphqFHkZ",
        "timestamp": 2016-06-12T13:09:38.330Z,
        "type": 2,
      },
    },
    Object {
      "__type": "transaction",
      "data": Object {
        "amount": "938.1815481",
        "fee": "1e-8",
        "height": 28,
        "id": "stTjhD1uo8qNHuF1wXYmLABL3P61vaoFru3Hnes5y7DvVAttxvJaVPXff5ndtEKdVLBC7D55LDdd4tXWK7BFLpi",
        "recipient": "3P3fm1rtieWpttiQj1KjegMng4krYZjmoXW",
        "sender": "3PAWwWa6GbwcJaFzwqXQN5KQm7H96Y7SHTQ",
        "senderPublicKey": "7LBopaBdBzQbgqrnwgmgCDhcSTb32MYhE96SnSHcqZC2",
        "signature": "stTjhD1uo8qNHuF1wXYmLABL3P61vaoFru3Hnes5y7DvVAttxvJaVPXff5ndtEKdVLBC7D55LDdd4tXWK7BFLpi",
        "timestamp": 2016-06-12T13:09:38.336Z,
        "type": 2,
      },
    },
    Object {
      "__type": "transaction",
      "data": Object {
        "amount": "6571.49673914",
        "fee": "1e-8",
        "height": 28,
        "id": "29kCYhRumSuTKHzCL7M6FRXAznmn9GYTLUzfv38ubvDeSiMqEye7Y6uBDXt9gMeFRaLbaajsfrWJKagvbKaYjYzW",
        "recipient": "3PBGknVkTs8xFBKmahdvzmAHX2CwLe7xhZR",
        "sender": "3PAWwWa6GbwcJaFzwqXQN5KQm7H96Y7SHTQ",
        "senderPublicKey": "7LBopaBdBzQbgqrnwgmgCDhcSTb32MYhE96SnSHcqZC2",
        "signature": "29kCYhRumSuTKHzCL7M6FRXAznmn9GYTLUzfv38ubvDeSiMqEye7Y6uBDXt9gMeFRaLbaajsfrWJKagvbKaYjYzW",
        "timestamp": 2016-06-12T13:09:38.340Z,
        "type": 2,
      },
    },
    Object {
      "__type": "transaction",
      "data": Object {
        "amount": "623.70538649",
        "fee": "1e-8",
        "height": 28,
        "id": "JRDai9ghrhm2c5oLkjjERyuc5bv35Y9G9bw2yUDtFBKFt1vNH5bDXmyP85sLu7dGXy64ipz45XYK1HP7ozMKAVx",
        "recipient": "3PNWpdrXUe5GinzH7trnSDDCktLTv5PXKwW",
        "sender": "3PAWwWa6GbwcJaFzwqXQN5KQm7H96Y7SHTQ",
        "senderPublicKey": "7LBopaBdBzQbgqrnwgmgCDhcSTb32MYhE96SnSHcqZC2",
        "signature": "JRDai9ghrhm2c5oLkjjERyuc5bv35Y9G9bw2yUDtFBKFt1vNH5bDXmyP85sLu7dGXy64ipz45XYK1HP7ozMKAVx",
        "timestamp": 2016-06-12T13:09:38.345Z,
        "type": 2,
      },
    },
    Object {
      "__type": "transaction",
      "data": Object {
        "amount": "75919.70387548",
        "fee": "1e-8",
        "height": 28,
        "id": "5bpoSn8jdy39z8crrv3B4umiV1U8Pd13pz37JKfMuuPZx7vCYRPNusE7AzVQkq2FfJC5L5nER6PYvfjJjFMooVmJ",
        "recipient": "3P3pA4rfuwnV5f2rkLk2eJhaEic5ZGJbZ9k",
        "sender": "3PAWwWa6GbwcJaFzwqXQN5KQm7H96Y7SHTQ",
        "senderPublicKey": "7LBopaBdBzQbgqrnwgmgCDhcSTb32MYhE96SnSHcqZC2",
        "signature": "5bpoSn8jdy39z8crrv3B4umiV1U8Pd13pz37JKfMuuPZx7vCYRPNusE7AzVQkq2FfJC5L5nER6PYvfjJjFMooVmJ",
        "timestamp": 2016-06-12T13:09:38.349Z,
        "type": 2,
      },
    },
  ],
  "lastCursor": "MjAxNi0wNi0xMlQxMzowOTozOC4zNDlaOjo1YnBvU244amR5Mzl6OGNycnYzQjR1bWlWMVU4UGQxM3B6MzdKS2ZNdXVQWng3dkNZUlBOdXNFN0F6VlFrcTJGZkpDNUw1bkVSNlBZdmZqSmpGTW9vVm1KOjphc2M=",
}
`;

exports[`All transactions resolver for one fetches real data tx 1`] = `
Object {
  "__type": "transaction",
  "data": Object {
    "data": Array [
      Object {
        "key": "company",
        "type": "string",
        "value": "Resonova",
      },
    ],
    "fee": "0.001",
    "height": 1060009,
    "id": "AkM4bQ5dVkqWezSgMPdW5iieX98xDsiFjVDbEddntGNv",
    "proofs": Array [
      "2BFgwFEUwDYmCPdUbrX3W4QdPrcDX4ai6tmrY2ab4NgEg9aikUo7RzqHUsgBd5kBpFScxsLQWpE29k9cLPdF5YEt",
    ],
    "sender": "3PLZcCJyYQnfWfzhKXRA4rteCQC9J1ewf5K",
    "senderPublicKey": "BQMVwAHwf2WEEwRsCxtMVcSLrXUhJ3XtCLmSptLx2e6L",
    "timestamp": 2018-06-28T02:12:41.449Z,
    "type": 12,
    "version": 1,
  },
}
`;

exports[`All transactions resolver for one fetches real exchange tx 1`] = `
Object {
  "__type": "transaction",
  "data": Object {
    "amount": "0.0001",
    "buyMatcherFee": "0.01",
    "fee": "0.001",
    "height": 435197,
    "id": "FU5mCVTaa83TPMx4fj1F7bL6ZAfpMKcPpDDvhvxCD557",
    "order1": Object {
      "amount": "0.0001",
      "assetPair": Object {
        "amountAsset": "8LQW8f7P5d5PZM7GtZEBgaqRPGSzS3DfPuiXrURJ4AJS",
        "priceAsset": "WAVES",
      },
      "expiration": 2017-04-05T01:19:52.031Z,
      "id": "LGzcHf1Pq9ZTfF4kQ4PdXyCuBuMRy9ksKxzDxkn9Js9",
      "matcherFee": "0.01",
      "matcherPublicKey": "GoVxp9iFXvDhGFUYG4fZ4GU3yQDsxyti8f3D5tNYiAXX",
      "orderType": "buy",
      "price": "0.3",
      "sender": "3PJUhtX97wj2nCGmN8tYWQ9e9FAu6wVsqQL",
      "senderPublicKey": "CHnZGZ8QBjeDTeaPqg8zirAR8wB6xfAap8echHrLz2Zw",
      "signature": "5odnp8FcvrsPjQEM7d6bKcEYBVKRKmw526WAruaQtwJUS1i92GU8DXY4p7y4nP1ae7ktbEo7Wbm4XVVxuvadcsuT",
      "timestamp": 2017-04-03T01:19:52.031Z,
    },
    "order2": Object {
      "amount": "0.0001",
      "assetPair": Object {
        "amountAsset": "8LQW8f7P5d5PZM7GtZEBgaqRPGSzS3DfPuiXrURJ4AJS",
        "priceAsset": "WAVES",
      },
      "expiration": 2017-04-05T01:19:35.756Z,
      "id": "3PwJzq7N5KhsfLwnKFxwvpNGfqhqPNiAry8ZirPBP8aT",
      "matcherFee": "0.01",
      "matcherPublicKey": "GoVxp9iFXvDhGFUYG4fZ4GU3yQDsxyti8f3D5tNYiAXX",
      "orderType": "sell",
      "price": "0.3",
      "sender": "3PC7nLe5w5JfjicofJaHzD6sH7ZF8GtdnQp",
      "senderPublicKey": "7TGcKbAEnxWEfL9ymyRFCjf7MLnqiTWTF8Nr526qV5gz",
      "signature": "23oQi7T47j8dmJiv9vMUt4SJYv83s7TVm6x1or7bCU11KHAoi8zCDhjxPGkm3JcEEvytyp5y1wVRewpZ1E3RxsLQ",
      "timestamp": 2017-04-03T01:19:35.756Z,
    },
    "price": "0.3",
    "sellMatcherFee": "0.01",
    "sender": "3PLabmVKpBGibMMMJcM1dwS3F17MF6Pf6Xf",
    "senderPublicKey": "GoVxp9iFXvDhGFUYG4fZ4GU3yQDsxyti8f3D5tNYiAXX",
    "signature": "AhSqQoFBtEiJjXZWPsZ8zLTRj5aycU4oqtr2vKnBJ56xwce161MxPUuRZFfFgYpLNMhTqe7me3F8LfpoarBLMdP",
    "timestamp": 2017-04-03T01:19:53.952Z,
    "type": 7,
  },
}
`;

exports[`All transactions resolver for one fetches real transfer tx 1`] = `
Object {
  "__type": "transaction",
  "data": Object {
    "amount": "0.007",
    "assetId": "WAVES",
    "attachment": "",
    "fee": "0.001",
    "feeAsset": "WAVES",
    "height": 240868,
    "id": "Co8JB3md1hsnFKYS2xonipBFyQcB7qskyosoJf6YhBi1",
    "recipient": "3PJkWhTJXrYWiSj6sxv9aoUrzoBbGZmzvQf",
    "sender": "3P2b1YqpGNb57ftMQN5be25iKowq65GmkZ7",
    "senderPublicKey": "J9LBb9ZixtDiLFxXocGXt69JU5vConrGYh7yM1mnAPWQ",
    "signature": "4QgAFzCvEhMEEWuYvuPU8tw4bhSKzrfFW2RrhkEYFc82EVdmUV7HqRehpTxsvQ9V2dYd4yp4Ezez9RqVwDSKr2uz",
    "timestamp": 2016-11-21T07:01:42.156Z,
    "type": 4,
    "version": 1,
  },
}
`;
