// Jest Snapshot v1, https://goo.gl/fbAQLP

exports[`Alias sql query build \`many\` should build select by address with order by time and hide blocked by default 1`] = `"with \\"aliases_cte\\" as (select \\"alias\\", \\"address\\", \\"duplicates\\", \\"rn\\" from (select \\"t\\".\\"alias\\" as \\"alias\\", min(\\"addr\\".\\"address\\") as \\"address\\", count(\\"t\\".\\"sender_uid\\") as \\"duplicates\\", row_number() over (order by t.tx_uid) as \\"rn\\" from \\"txs_10\\" as \\"t\\" left join \\"addresses\\" as \\"addr\\" on \\"addr\\".\\"uid\\" = \\"t\\".\\"sender_uid\\" where \\"t\\".\\"tx_uid\\" in (select \\"tx_uid\\" from \\"txs_10\\" where \\"sender_uid\\" = (select \\"uid\\" from \\"addresses\\" where \\"address\\" = '3PELiu6JuVMLJojenRkTPTzCRjAocrxXWJy' limit 1)) group by \\"t\\".\\"alias\\", \\"t\\".\\"tx_uid\\") as \\"counted_aliases\\") select \\"alias\\", \\"address\\", \\"duplicates\\" from \\"aliases_cte\\" where \\"duplicates\\" = 1 order by \\"rn\\" asc"`;

exports[`Alias sql query build \`many\` should build select by address with order by time and show blocked if flag is set 1`] = `"with \\"aliases_cte\\" as (select \\"alias\\", \\"address\\", \\"duplicates\\", \\"rn\\" from (select \\"t\\".\\"alias\\" as \\"alias\\", min(\\"addr\\".\\"address\\") as \\"address\\", count(\\"t\\".\\"sender_uid\\") as \\"duplicates\\", row_number() over (order by t.tx_uid) as \\"rn\\" from \\"txs_10\\" as \\"t\\" left join \\"addresses\\" as \\"addr\\" on \\"addr\\".\\"uid\\" = \\"t\\".\\"sender_uid\\" where \\"t\\".\\"tx_uid\\" in (select \\"tx_uid\\" from \\"txs_10\\" where \\"sender_uid\\" = (select \\"uid\\" from \\"addresses\\" where \\"address\\" = '3PELiu6JuVMLJojenRkTPTzCRjAocrxXWJy' limit 1)) group by \\"t\\".\\"alias\\", \\"t\\".\\"tx_uid\\") as \\"counted_aliases\\") select \\"alias\\", \\"address\\", \\"duplicates\\" from \\"aliases_cte\\" order by \\"rn\\" asc"`;

exports[`Alias sql query build \`one\` should build select by alias 1`] = `"select \\"alias\\", \\"address\\", \\"duplicates\\" from (select \\"t\\".\\"alias\\" as \\"alias\\", min(\\"addr\\".\\"address\\") as \\"address\\", count(\\"t\\".\\"sender_uid\\") as \\"duplicates\\", row_number() over (order by t.tx_uid) as \\"rn\\" from \\"txs_10\\" as \\"t\\" left join \\"addresses\\" as \\"addr\\" on \\"addr\\".\\"uid\\" = \\"t\\".\\"sender_uid\\" where \\"t\\".\\"tx_uid\\" in (select \\"t\\".\\"tx_uid\\" from \\"txs_10\\" as \\"t\\" where \\"t\\".\\"alias\\" in ('scam')) group by \\"t\\".\\"alias\\", \\"t\\".\\"tx_uid\\") as \\"counted_aliases\\""`;
