// Jest Snapshot v1, https://goo.gl/fbAQLP

exports[`Alias sql query build \`many\` should build select by address with order by time and hide blocked by default 1`] = `"select \\"alias\\", \\"address\\", \\"duplicates\\" from (with \\"aliases_cte\\" as (select distinct \\"alias\\", \\"address\\", \\"duplicates\\", \\"rn\\" from (select \\"t\\".\\"alias\\", min(\\"t\\".\\"sender\\") as \\"address\\", count(\\"t\\".\\"sender\\") as \\"duplicates\\", row_number() over (order by min(t.uid)) as \\"rn\\" from \\"txs_10\\" as \\"t\\" where \\"t\\".\\"uid\\" in (select \\"t\\".\\"uid\\" from \\"txs_10\\" as \\"t\\" where \\"sender\\" = '3PELiu6JuVMLJojenRkTPTzCRjAocrxXWJy') group by \\"t\\".\\"alias\\") as \\"counted_aliases\\") select * from \\"aliases_cte\\") as \\"a\\" where \\"duplicates\\" = 1 order by \\"rn\\" asc"`;

exports[`Alias sql query build \`many\` should build select by address with order by time and show blocked if flag is set 1`] = `"select \\"alias\\", \\"address\\", \\"duplicates\\" from (with \\"aliases_cte\\" as (select distinct \\"alias\\", \\"address\\", \\"duplicates\\", \\"rn\\" from (select \\"t\\".\\"alias\\", min(\\"t\\".\\"sender\\") as \\"address\\", count(\\"t\\".\\"sender\\") as \\"duplicates\\", row_number() over (order by min(t.uid)) as \\"rn\\" from \\"txs_10\\" as \\"t\\" where \\"t\\".\\"uid\\" in (select \\"t\\".\\"uid\\" from \\"txs_10\\" as \\"t\\" where \\"sender\\" = '3PELiu6JuVMLJojenRkTPTzCRjAocrxXWJy') group by \\"t\\".\\"alias\\") as \\"counted_aliases\\") select * from \\"aliases_cte\\") as \\"a\\" order by \\"rn\\" asc"`;

exports[`Alias sql query build \`one\` should build select by alias 1`] = `"select \\"alias\\", \\"address\\", \\"duplicates\\" from (select * from (select \\"t\\".\\"alias\\", min(\\"t\\".\\"sender\\") as \\"address\\", count(\\"t\\".\\"sender\\") as \\"duplicates\\", row_number() over (order by min(t.uid)) as \\"rn\\" from \\"txs_10\\" as \\"t\\" where \\"t\\".\\"uid\\" in (select \\"t\\".\\"uid\\" from \\"txs_10\\" as \\"t\\" where \\"t\\".\\"alias\\" in ('scam')) group by \\"t\\".\\"alias\\") as \\"counted_aliases\\") as \\"a\\""`;
