// Jest Snapshot v1, https://goo.gl/fbAQLP

exports[`Sql builder get works 1`] = `"select \\"height\\", \\"tx_type\\", \\"id\\", \\"time_stamp\\", \\"signature\\", \\"proofs\\", \\"tx_version\\", \\"sender\\", \\"sender_public_key\\", \\"recipient\\", \\"fee\\", \\"amount\\" from (select *, row_number() over (partition by id order by time_stamp asc) as \\"rn\\" from (select \\"height\\", \\"tx_type\\", \\"id\\", \\"time_stamp\\", \\"signature\\", \\"proofs\\", \\"tx_version\\", \\"sender\\", \\"sender_public_key\\", \\"recipient\\", fee * 10^(-8) as \\"fee\\", amount * 10^(-8) as \\"amount\\" from \\"txs_2\\" as \\"t\\" where \\"id\\" = 'id') as \\"t\\") as \\"counted\\" where \\"rn\\" = 1"`;

exports[`Sql builder mget works 1`] = `"select \\"height\\", \\"tx_type\\", \\"id\\", \\"time_stamp\\", \\"signature\\", \\"proofs\\", \\"tx_version\\", \\"sender\\", \\"sender_public_key\\", \\"recipient\\", \\"fee\\", \\"amount\\" from (select *, row_number() over (partition by id order by time_stamp asc) as \\"rn\\" from (select \\"height\\", \\"tx_type\\", \\"id\\", \\"time_stamp\\", \\"signature\\", \\"proofs\\", \\"tx_version\\", \\"sender\\", \\"sender_public_key\\", \\"recipient\\", fee * 10^(-8) as \\"fee\\", amount * 10^(-8) as \\"amount\\" from \\"txs_2\\" as \\"t\\" where \\"id\\" in ('id1', 'id2')) as \\"t\\") as \\"counted\\" where \\"rn\\" = 1"`;
