// Jest Snapshot v1, https://goo.gl/fbAQLP

exports[`Sql builder  many covers case with all filters (without after) 1`] = `"select \\"t\\".\\"height\\" as \\"height\\", \\"t\\".\\"tx_type\\" as \\"tx_type\\", \\"t\\".\\"id\\" as \\"id\\", \\"t\\".\\"time_stamp\\" as \\"time_stamp\\", \\"t\\".\\"signature\\" as \\"signature\\", \\"t\\".\\"proofs\\" as \\"proofs\\", \\"t\\".\\"tx_version\\" as \\"tx_version\\", t.fee * 10^(-8) as \\"fee\\", \\"t\\".\\"sender\\" as \\"sender\\", \\"t\\".\\"sender_public_key\\" as \\"sender_public_key\\", \\"t\\".\\"lease_id\\" as \\"lease_id\\" from \\"txs_9\\" as \\"t\\" where \\"sender\\" = 'sender' and \\"lease_id\\" in (select \\"id\\" from \\"txs_8\\" where \\"recipient\\" = 'recipient') and \\"t\\".\\"time_stamp\\" >= 'timeStart' and \\"t\\".\\"time_stamp\\" <= 'timeEnd' order by \\"t\\".\\"time_stamp\\" asc, \\"t\\".\\"id\\" asc limit 1"`;

exports[`Sql builder  many covers case with all filters with after 1`] = `"select \\"t\\".\\"height\\" as \\"height\\", \\"t\\".\\"tx_type\\" as \\"tx_type\\", \\"t\\".\\"id\\" as \\"id\\", \\"t\\".\\"time_stamp\\" as \\"time_stamp\\", \\"t\\".\\"signature\\" as \\"signature\\", \\"t\\".\\"proofs\\" as \\"proofs\\", \\"t\\".\\"tx_version\\" as \\"tx_version\\", t.fee * 10^(-8) as \\"fee\\", \\"t\\".\\"sender\\" as \\"sender\\", \\"t\\".\\"sender_public_key\\" as \\"sender_public_key\\", \\"t\\".\\"lease_id\\" as \\"lease_id\\" from \\"txs_9\\" as \\"t\\" where \\"sender\\" = 'sender' and \\"lease_id\\" in (select \\"id\\" from \\"txs_8\\" where \\"recipient\\" = 'recipient') and (t.time_stamp, t.id) > ('timestamp', 'id') and \\"t\\".\\"time_stamp\\" >= 'timeStart' and \\"t\\".\\"time_stamp\\" <= 'timeEnd' order by \\"t\\".\\"time_stamp\\" asc, \\"t\\".\\"id\\" asc limit 1"`;

exports[`Sql builder  many covers recipient filter case (looking in txs_8) 1`] = `"select \\"t\\".\\"height\\" as \\"height\\", \\"t\\".\\"tx_type\\" as \\"tx_type\\", \\"t\\".\\"id\\" as \\"id\\", \\"t\\".\\"time_stamp\\" as \\"time_stamp\\", \\"t\\".\\"signature\\" as \\"signature\\", \\"t\\".\\"proofs\\" as \\"proofs\\", \\"t\\".\\"tx_version\\" as \\"tx_version\\", t.fee * 10^(-8) as \\"fee\\", \\"t\\".\\"sender\\" as \\"sender\\", \\"t\\".\\"sender_public_key\\" as \\"sender_public_key\\", \\"t\\".\\"lease_id\\" as \\"lease_id\\" from \\"txs_9\\" as \\"t\\" where \\"lease_id\\" in (select \\"id\\" from \\"txs_8\\" where \\"recipient\\" = 'recipient')"`;

exports[`Sql builder  one works 1`] = `"select \\"t\\".\\"height\\" as \\"height\\", \\"t\\".\\"tx_type\\" as \\"tx_type\\", \\"t\\".\\"id\\" as \\"id\\", \\"t\\".\\"time_stamp\\" as \\"time_stamp\\", \\"t\\".\\"signature\\" as \\"signature\\", \\"t\\".\\"proofs\\" as \\"proofs\\", \\"t\\".\\"tx_version\\" as \\"tx_version\\", t.fee * 10^(-8) as \\"fee\\", \\"t\\".\\"sender\\" as \\"sender\\", \\"t\\".\\"sender_public_key\\" as \\"sender_public_key\\", \\"t\\".\\"lease_id\\" as \\"lease_id\\" from \\"txs_9\\" as \\"t\\" where \\"id\\" = 'id'"`;
