// Jest Snapshot v1, https://goo.gl/fbAQLP

exports[`sql query from pairs should get many pairs 1`] = `"select * from \\"pairs\\" as \\"t\\" where (\\"t\\".\\"amount_asset_id\\", \\"t\\".\\"price_asset_id\\") in (('111', '222'), ('333', '444'))"`;

exports[`sql query from pairs should get one pairs 1`] = `"select * from \\"pairs\\" as \\"t\\" where (\\"t\\".\\"amount_asset_id\\", \\"t\\".\\"price_asset_id\\") in (('111', '222'))"`;
